<?xml version="1.0"?>
<link_info>
   <banner>TMS320C55x Linker PC v4.4.1</banner>
   <copyright>Copyright (c) 1996-2012 Texas Instruments Incorporated</copyright>
   <link_time>0x5ac55b98</link_time>
   <output_file>EQ sim.out</output_file>
   <entry_point>
      <name>_c_int00</name>
      <address>0x25217</address>
   </entry_point>
   <input_file_list>
      <input_file id="fl-2">
         <path>.\</path>
         <kind>object</kind>
         <file>EZDSP5535_SAR_sim.obj</file>
         <name>EZDSP5535_SAR_sim.obj</name>
      </input_file>
      <input_file id="fl-3">
         <path>.\</path>
         <kind>object</kind>
         <file>aic3204.obj</file>
         <name>aic3204.obj</name>
      </input_file>
      <input_file id="fl-4">
         <path>.\</path>
         <kind>object</kind>
         <file>aic3204_init.obj</file>
         <name>aic3204_init.obj</name>
      </input_file>
      <input_file id="fl-5">
         <path>.\</path>
         <kind>object</kind>
         <file>ezdsp5535_aic3204_dma.obj</file>
         <name>ezdsp5535_aic3204_dma.obj</name>
      </input_file>
      <input_file id="fl-6">
         <path>.\</path>
         <kind>object</kind>
         <file>iir.obj</file>
         <name>iir.obj</name>
      </input_file>
      <input_file id="fl-7">
         <path>.\</path>
         <kind>object</kind>
         <file>main.obj</file>
         <name>main.obj</name>
      </input_file>
      <input_file id="fl-8">
         <path>.\</path>
         <kind>object</kind>
         <file>print_number.obj</file>
         <name>print_number.obj</name>
      </input_file>
      <input_file id="fl-9">
         <path>.\</path>
         <kind>object</kind>
         <file>processing.obj</file>
         <name>processing.obj</name>
      </input_file>
      <input_file id="fl-13">
         <path>..\lib\</path>
         <kind>archive</kind>
         <file>ezdsp5535bsl.lib</file>
         <name>ezdsp5535.obj</name>
      </input_file>
      <input_file id="fl-27">
         <path>C:\ti\ccsv6\tools\compiler\c5500_4.4.1\lib\</path>
         <kind>archive</kind>
         <file>rts55x.lib</file>
         <name>addd.obj</name>
      </input_file>
      <input_file id="fl-28">
         <path>C:\ti\ccsv6\tools\compiler\c5500_4.4.1\lib\</path>
         <kind>archive</kind>
         <file>rts55x.lib</file>
         <name>boot.obj</name>
      </input_file>
      <input_file id="fl-29">
         <path>C:\ti\ccsv6\tools\compiler\c5500_4.4.1\lib\</path>
         <kind>archive</kind>
         <file>rts55x.lib</file>
         <name>cos.obj</name>
      </input_file>
      <input_file id="fl-2a">
         <path>C:\ti\ccsv6\tools\compiler\c5500_4.4.1\lib\</path>
         <kind>archive</kind>
         <file>rts55x.lib</file>
         <name>divd.obj</name>
      </input_file>
      <input_file id="fl-2b">
         <path>C:\ti\ccsv6\tools\compiler\c5500_4.4.1\lib\</path>
         <kind>archive</kind>
         <file>rts55x.lib</file>
         <name>exit.obj</name>
      </input_file>
      <input_file id="fl-2c">
         <path>C:\ti\ccsv6\tools\compiler\c5500_4.4.1\lib\</path>
         <kind>archive</kind>
         <file>rts55x.lib</file>
         <name>fclose.obj</name>
      </input_file>
      <input_file id="fl-2d">
         <path>C:\ti\ccsv6\tools\compiler\c5500_4.4.1\lib\</path>
         <kind>archive</kind>
         <file>rts55x.lib</file>
         <name>fflush.obj</name>
      </input_file>
      <input_file id="fl-2e">
         <path>C:\ti\ccsv6\tools\compiler\c5500_4.4.1\lib\</path>
         <kind>archive</kind>
         <file>rts55x.lib</file>
         <name>fixdi.obj</name>
      </input_file>
      <input_file id="fl-2f">
         <path>C:\ti\ccsv6\tools\compiler\c5500_4.4.1\lib\</path>
         <kind>archive</kind>
         <file>rts55x.lib</file>
         <name>fixdli.obj</name>
      </input_file>
      <input_file id="fl-30">
         <path>C:\ti\ccsv6\tools\compiler\c5500_4.4.1\lib\</path>
         <kind>archive</kind>
         <file>rts55x.lib</file>
         <name>fltid.obj</name>
      </input_file>
      <input_file id="fl-31">
         <path>C:\ti\ccsv6\tools\compiler\c5500_4.4.1\lib\</path>
         <kind>archive</kind>
         <file>rts55x.lib</file>
         <name>fltlid.obj</name>
      </input_file>
      <input_file id="fl-32">
         <path>C:\ti\ccsv6\tools\compiler\c5500_4.4.1\lib\</path>
         <kind>archive</kind>
         <file>rts55x.lib</file>
         <name>fopen.obj</name>
      </input_file>
      <input_file id="fl-33">
         <path>C:\ti\ccsv6\tools\compiler\c5500_4.4.1\lib\</path>
         <kind>archive</kind>
         <file>rts55x.lib</file>
         <name>frcmpyd_div.obj</name>
      </input_file>
      <input_file id="fl-34">
         <path>C:\ti\ccsv6\tools\compiler\c5500_4.4.1\lib\</path>
         <kind>archive</kind>
         <file>rts55x.lib</file>
         <name>fread.obj</name>
      </input_file>
      <input_file id="fl-35">
         <path>C:\ti\ccsv6\tools\compiler\c5500_4.4.1\lib\</path>
         <kind>archive</kind>
         <file>rts55x.lib</file>
         <name>fwrite.obj</name>
      </input_file>
      <input_file id="fl-36">
         <path>C:\ti\ccsv6\tools\compiler\c5500_4.4.1\lib\</path>
         <kind>archive</kind>
         <file>rts55x.lib</file>
         <name>lmpy.obj</name>
      </input_file>
      <input_file id="fl-37">
         <path>C:\ti\ccsv6\tools\compiler\c5500_4.4.1\lib\</path>
         <kind>archive</kind>
         <file>rts55x.lib</file>
         <name>lowlev.obj</name>
      </input_file>
      <input_file id="fl-38">
         <path>C:\ti\ccsv6\tools\compiler\c5500_4.4.1\lib\</path>
         <kind>archive</kind>
         <file>rts55x.lib</file>
         <name>memcpy.obj</name>
      </input_file>
      <input_file id="fl-39">
         <path>C:\ti\ccsv6\tools\compiler\c5500_4.4.1\lib\</path>
         <kind>archive</kind>
         <file>rts55x.lib</file>
         <name>memory.obj</name>
      </input_file>
      <input_file id="fl-3a">
         <path>C:\ti\ccsv6\tools\compiler\c5500_4.4.1\lib\</path>
         <kind>archive</kind>
         <file>rts55x.lib</file>
         <name>modf.obj</name>
      </input_file>
      <input_file id="fl-3b">
         <path>C:\ti\ccsv6\tools\compiler\c5500_4.4.1\lib\</path>
         <kind>archive</kind>
         <file>rts55x.lib</file>
         <name>mpyd.obj</name>
      </input_file>
      <input_file id="fl-3c">
         <path>C:\ti\ccsv6\tools\compiler\c5500_4.4.1\lib\</path>
         <kind>archive</kind>
         <file>rts55x.lib</file>
         <name>negd.obj</name>
      </input_file>
      <input_file id="fl-3d">
         <path>C:\ti\ccsv6\tools\compiler\c5500_4.4.1\lib\</path>
         <kind>archive</kind>
         <file>rts55x.lib</file>
         <name>printf.obj</name>
      </input_file>
      <input_file id="fl-3e">
         <path>C:\ti\ccsv6\tools\compiler\c5500_4.4.1\lib\</path>
         <kind>archive</kind>
         <file>rts55x.lib</file>
         <name>remove.obj</name>
      </input_file>
      <input_file id="fl-3f">
         <path>C:\ti\ccsv6\tools\compiler\c5500_4.4.1\lib\</path>
         <kind>archive</kind>
         <file>rts55x.lib</file>
         <name>round.obj</name>
      </input_file>
      <input_file id="fl-40">
         <path>C:\ti\ccsv6\tools\compiler\c5500_4.4.1\lib\</path>
         <kind>archive</kind>
         <file>rts55x.lib</file>
         <name>sin.obj</name>
      </input_file>
      <input_file id="fl-41">
         <path>C:\ti\ccsv6\tools\compiler\c5500_4.4.1\lib\</path>
         <kind>archive</kind>
         <file>rts55x.lib</file>
         <name>subd.obj</name>
      </input_file>
      <input_file id="fl-42">
         <path>C:\ti\ccsv6\tools\compiler\c5500_4.4.1\lib\</path>
         <kind>archive</kind>
         <file>rts55x.lib</file>
         <name>trgdrv.obj</name>
      </input_file>
      <input_file id="fl-43">
         <path>C:\ti\ccsv6\tools\compiler\c5500_4.4.1\lib\</path>
         <kind>archive</kind>
         <file>rts55x.lib</file>
         <name>trgmsg.obj</name>
      </input_file>
      <input_file id="fl-44">
         <path>C:\ti\ccsv6\tools\compiler\c5500_4.4.1\lib\</path>
         <kind>archive</kind>
         <file>rts55x.lib</file>
         <name>trunc.obj</name>
      </input_file>
      <input_file id="fl-45">
         <path>C:\ti\ccsv6\tools\compiler\c5500_4.4.1\lib\</path>
         <kind>archive</kind>
         <file>rts55x.lib</file>
         <name>udiv.obj</name>
      </input_file>
      <input_file id="fl-46">
         <path>C:\ti\ccsv6\tools\compiler\c5500_4.4.1\lib\</path>
         <kind>archive</kind>
         <file>rts55x.lib</file>
         <name>vectors.obj</name>
      </input_file>
      <input_file id="fl-47">
         <path>C:\ti\ccsv6\tools\compiler\c5500_4.4.1\lib\</path>
         <kind>archive</kind>
         <file>rts55x.lib</file>
         <name>_bufread.obj</name>
      </input_file>
      <input_file id="fl-48">
         <path>C:\ti\ccsv6\tools\compiler\c5500_4.4.1\lib\</path>
         <kind>archive</kind>
         <file>rts55x.lib</file>
         <name>_io_perm.obj</name>
      </input_file>
      <input_file id="fl-49">
         <path>C:\ti\ccsv6\tools\compiler\c5500_4.4.1\lib\</path>
         <kind>archive</kind>
         <file>rts55x.lib</file>
         <name>_lock.obj</name>
      </input_file>
      <input_file id="fl-4a">
         <path>C:\ti\ccsv6\tools\compiler\c5500_4.4.1\lib\</path>
         <kind>archive</kind>
         <file>rts55x.lib</file>
         <name>_printfi.obj</name>
      </input_file>
      <input_file id="fl-4b">
         <path>C:\ti\ccsv6\tools\compiler\c5500_4.4.1\lib\</path>
         <kind>archive</kind>
         <file>rts55x.lib</file>
         <name>args_main.obj</name>
      </input_file>
      <input_file id="fl-4c">
         <path>C:\ti\ccsv6\tools\compiler\c5500_4.4.1\lib\</path>
         <kind>archive</kind>
         <file>rts55x.lib</file>
         <name>atoi.obj</name>
      </input_file>
      <input_file id="fl-4d">
         <path>C:\ti\ccsv6\tools\compiler\c5500_4.4.1\lib\</path>
         <kind>archive</kind>
         <file>rts55x.lib</file>
         <name>autoinit.obj</name>
      </input_file>
      <input_file id="fl-4e">
         <path>C:\ti\ccsv6\tools\compiler\c5500_4.4.1\lib\</path>
         <kind>archive</kind>
         <file>rts55x.lib</file>
         <name>cmpd.obj</name>
      </input_file>
      <input_file id="fl-4f">
         <path>C:\ti\ccsv6\tools\compiler\c5500_4.4.1\lib\</path>
         <kind>archive</kind>
         <file>rts55x.lib</file>
         <name>ctype.obj</name>
      </input_file>
      <input_file id="fl-50">
         <path>C:\ti\ccsv6\tools\compiler\c5500_4.4.1\lib\</path>
         <kind>archive</kind>
         <file>rts55x.lib</file>
         <name>defs.obj</name>
      </input_file>
      <input_file id="fl-51">
         <path>C:\ti\ccsv6\tools\compiler\c5500_4.4.1\lib\</path>
         <kind>archive</kind>
         <file>rts55x.lib</file>
         <name>divul.obj</name>
      </input_file>
      <input_file id="fl-52">
         <path>C:\ti\ccsv6\tools\compiler\c5500_4.4.1\lib\</path>
         <kind>archive</kind>
         <file>rts55x.lib</file>
         <name>fputc.obj</name>
      </input_file>
      <input_file id="fl-53">
         <path>C:\ti\ccsv6\tools\compiler\c5500_4.4.1\lib\</path>
         <kind>archive</kind>
         <file>rts55x.lib</file>
         <name>fputs.obj</name>
      </input_file>
      <input_file id="fl-54">
         <path>C:\ti\ccsv6\tools\compiler\c5500_4.4.1\lib\</path>
         <kind>archive</kind>
         <file>rts55x.lib</file>
         <name>frcmpyd.obj</name>
      </input_file>
      <input_file id="fl-55">
         <path>C:\ti\ccsv6\tools\compiler\c5500_4.4.1\lib\</path>
         <kind>archive</kind>
         <file>rts55x.lib</file>
         <name>fseek.obj</name>
      </input_file>
      <input_file id="fl-56">
         <path>C:\ti\ccsv6\tools\compiler\c5500_4.4.1\lib\</path>
         <kind>archive</kind>
         <file>rts55x.lib</file>
         <name>isinf.obj</name>
      </input_file>
      <input_file id="fl-57">
         <path>C:\ti\ccsv6\tools\compiler\c5500_4.4.1\lib\</path>
         <kind>archive</kind>
         <file>rts55x.lib</file>
         <name>llmpy.obj</name>
      </input_file>
      <input_file id="fl-58">
         <path>C:\ti\ccsv6\tools\compiler\c5500_4.4.1\lib\</path>
         <kind>archive</kind>
         <file>rts55x.lib</file>
         <name>ltoa.obj</name>
      </input_file>
      <input_file id="fl-59">
         <path>C:\ti\ccsv6\tools\compiler\c5500_4.4.1\lib\</path>
         <kind>archive</kind>
         <file>rts55x.lib</file>
         <name>memccpy.obj</name>
      </input_file>
      <input_file id="fl-5a">
         <path>C:\ti\ccsv6\tools\compiler\c5500_4.4.1\lib\</path>
         <kind>archive</kind>
         <file>rts55x.lib</file>
         <name>remli.obj</name>
      </input_file>
      <input_file id="fl-5b">
         <path>C:\ti\ccsv6\tools\compiler\c5500_4.4.1\lib\</path>
         <kind>archive</kind>
         <file>rts55x.lib</file>
         <name>remul.obj</name>
      </input_file>
      <input_file id="fl-5c">
         <path>C:\ti\ccsv6\tools\compiler\c5500_4.4.1\lib\</path>
         <kind>archive</kind>
         <file>rts55x.lib</file>
         <name>setvbuf.obj</name>
      </input_file>
      <input_file id="fl-5d">
         <path>C:\ti\ccsv6\tools\compiler\c5500_4.4.1\lib\</path>
         <kind>archive</kind>
         <file>rts55x.lib</file>
         <name>divli.obj</name>
      </input_file>
   </input_file_list>
   <object_component_list>
      <object_component id="oc-f2">
         <name>.text</name>
         <load_address>0x20000</load_address>
         <run_address>0x20000</run_address>
         <size>0x15a4</size>
         <input_file_ref idref="fl-4a"/>
      </object_component>
      <object_component id="oc-96">
         <name>.text</name>
         <load_address>0x215a4</load_address>
         <run_address>0x215a4</run_address>
         <size>0x543</size>
         <input_file_ref idref="fl-37"/>
      </object_component>
      <object_component id="oc-cc">
         <name>.text</name>
         <load_address>0x21ae7</load_address>
         <run_address>0x21ae7</run_address>
         <size>0x528</size>
         <input_file_ref idref="fl-42"/>
      </object_component>
      <object_component id="oc-a0">
         <name>.text</name>
         <load_address>0x2200f</load_address>
         <run_address>0x2200f</run_address>
         <size>0x4b5</size>
         <input_file_ref idref="fl-39"/>
      </object_component>
      <object_component id="oc-5c">
         <name>.text</name>
         <load_address>0x224c4</load_address>
         <run_address>0x224c4</run_address>
         <size>0x3cc</size>
         <input_file_ref idref="fl-2a"/>
      </object_component>
      <object_component id="oc-32">
         <name>.text</name>
         <load_address>0x22890</load_address>
         <run_address>0x22890</run_address>
         <size>0x2ab</size>
         <input_file_ref idref="fl-7"/>
      </object_component>
      <object_component id="oc-80">
         <name>.text</name>
         <load_address>0x22b3b</load_address>
         <run_address>0x22b3b</run_address>
         <size>0x27f</size>
         <input_file_ref idref="fl-32"/>
      </object_component>
      <object_component id="oc-127">
         <name>.text</name>
         <load_address>0x22dba</load_address>
         <run_address>0x22dba</run_address>
         <size>0x25e</size>
         <input_file_ref idref="fl-57"/>
      </object_component>
      <object_component id="oc-4d">
         <name>.text</name>
         <load_address>0x23018</load_address>
         <run_address>0x23018</run_address>
         <size>0x25a</size>
         <input_file_ref idref="fl-27"/>
      </object_component>
      <object_component id="oc-42">
         <name>.text</name>
         <load_address>0x23272</load_address>
         <run_address>0x23272</run_address>
         <size>0x22e</size>
         <input_file_ref idref="fl-9"/>
      </object_component>
      <object_component id="oc-55">
         <name>.text</name>
         <load_address>0x234a0</load_address>
         <run_address>0x234a0</run_address>
         <size>0x218</size>
         <input_file_ref idref="fl-29"/>
      </object_component>
      <object_component id="oc-c1">
         <name>.text</name>
         <load_address>0x236b8</load_address>
         <run_address>0x236b8</run_address>
         <size>0x1f2</size>
         <input_file_ref idref="fl-40"/>
      </object_component>
      <object_component id="oc-8e">
         <name>.text</name>
         <load_address>0x238aa</load_address>
         <run_address>0x238aa</run_address>
         <size>0x1ee</size>
         <input_file_ref idref="fl-35"/>
      </object_component>
      <object_component id="oc-104">
         <name>.text</name>
         <load_address>0x23a98</load_address>
         <run_address>0x23a98</run_address>
         <size>0x1ea</size>
         <input_file_ref idref="fl-4e"/>
      </object_component>
      <object_component id="oc-116">
         <name>.text</name>
         <load_address>0x23c82</load_address>
         <run_address>0x23c82</run_address>
         <size>0x163</size>
         <input_file_ref idref="fl-53"/>
      </object_component>
      <object_component id="oc-27">
         <name>.text</name>
         <load_address>0x23de5</load_address>
         <run_address>0x23de5</run_address>
         <size>0x152</size>
         <input_file_ref idref="fl-5"/>
      </object_component>
      <object_component id="oc-ac">
         <name>.text</name>
         <load_address>0x23f37</load_address>
         <run_address>0x23f37</run_address>
         <size>0x14c</size>
         <input_file_ref idref="fl-3b"/>
      </object_component>
      <object_component id="oc-2d">
         <name>.text</name>
         <load_address>0x24083</load_address>
         <run_address>0x24083</run_address>
         <size>0x120</size>
         <input_file_ref idref="fl-6"/>
      </object_component>
      <object_component id="oc-8a">
         <name>.text</name>
         <load_address>0x241a3</load_address>
         <run_address>0x241a3</run_address>
         <size>0x10f</size>
         <input_file_ref idref="fl-34"/>
      </object_component>
      <object_component id="oc-1f">
         <name>.text</name>
         <load_address>0x242b2</load_address>
         <run_address>0x242b2</run_address>
         <size>0xf6</size>
         <input_file_ref idref="fl-4"/>
      </object_component>
      <object_component id="oc-18">
         <name>.text</name>
         <load_address>0x243a8</load_address>
         <run_address>0x243a8</run_address>
         <size>0xf2</size>
         <input_file_ref idref="fl-3"/>
      </object_component>
      <object_component id="oc-13b">
         <name>.text</name>
         <load_address>0x2449a</load_address>
         <run_address>0x2449a</run_address>
         <size>0xe6</size>
         <input_file_ref idref="fl-5c"/>
      </object_component>
      <object_component id="oc-e8">
         <name>.text</name>
         <load_address>0x24580</load_address>
         <run_address>0x24580</run_address>
         <size>0xdd</size>
         <input_file_ref idref="fl-48"/>
      </object_component>
      <object_component id="oc-6b">
         <name>.text</name>
         <load_address>0x2465d</load_address>
         <run_address>0x2465d</run_address>
         <size>0xc2</size>
         <input_file_ref idref="fl-2d"/>
      </object_component>
      <object_component id="oc-a7">
         <name>.text</name>
         <load_address>0x2471f</load_address>
         <run_address>0x2471f</run_address>
         <size>0xbf</size>
         <input_file_ref idref="fl-3a"/>
      </object_component>
      <object_component id="oc-d4">
         <name>.text:CIO_breakpoint</name>
         <load_address>0x247de</load_address>
         <run_address>0x247de</run_address>
         <size>0xba</size>
         <input_file_ref idref="fl-43"/>
      </object_component>
      <object_component id="oc-e4">
         <name>.text</name>
         <load_address>0x24898</load_address>
         <run_address>0x24898</run_address>
         <size>0xae</size>
         <input_file_ref idref="fl-47"/>
      </object_component>
      <object_component id="oc-112">
         <name>.text</name>
         <load_address>0x24946</load_address>
         <run_address>0x24946</run_address>
         <size>0xa6</size>
         <input_file_ref idref="fl-52"/>
      </object_component>
      <object_component id="oc-10e">
         <name>.text</name>
         <load_address>0x249ec</load_address>
         <run_address>0x249ec</run_address>
         <size>0xa1</size>
         <input_file_ref idref="fl-51"/>
      </object_component>
      <object_component id="oc-12b">
         <name>.text</name>
         <load_address>0x24a8d</load_address>
         <run_address>0x24a8d</run_address>
         <size>0x7d</size>
         <input_file_ref idref="fl-58"/>
      </object_component>
      <object_component id="oc-67">
         <name>.text</name>
         <load_address>0x24b0a</load_address>
         <run_address>0x24b0a</run_address>
         <size>0x7b</size>
         <input_file_ref idref="fl-2c"/>
      </object_component>
      <object_component id="oc-11b">
         <name>.text</name>
         <load_address>0x24b85</load_address>
         <run_address>0x24b85</run_address>
         <size>0x76</size>
         <input_file_ref idref="fl-54"/>
      </object_component>
      <object_component id="oc-86">
         <name>.text</name>
         <load_address>0x24bfb</load_address>
         <run_address>0x24bfb</run_address>
         <size>0x73</size>
         <input_file_ref idref="fl-33"/>
      </object_component>
      <object_component id="oc-137">
         <name>.text</name>
         <load_address>0x24c6e</load_address>
         <run_address>0x24c6e</run_address>
         <size>0x72</size>
         <input_file_ref idref="fl-5b"/>
      </object_component>
      <object_component id="oc-73">
         <name>.text</name>
         <load_address>0x24ce0</load_address>
         <run_address>0x24ce0</run_address>
         <size>0x6f</size>
         <input_file_ref idref="fl-2f"/>
      </object_component>
      <object_component id="oc-d1">
         <name>.text</name>
         <load_address>0x24d4f</load_address>
         <run_address>0x24d4f</run_address>
         <size>0x6d</size>
         <input_file_ref idref="fl-43"/>
      </object_component>
      <object_component id="oc-11f">
         <name>.text</name>
         <load_address>0x24dbc</load_address>
         <run_address>0x24dbc</run_address>
         <size>0x6b</size>
         <input_file_ref idref="fl-55"/>
      </object_component>
      <object_component id="oc-7b">
         <name>.text</name>
         <load_address>0x24e27</load_address>
         <run_address>0x24e27</run_address>
         <size>0x67</size>
         <input_file_ref idref="fl-31"/>
      </object_component>
      <object_component id="oc-bc">
         <name>.text</name>
         <load_address>0x24e8e</load_address>
         <run_address>0x24e8e</run_address>
         <size>0x5f</size>
         <input_file_ref idref="fl-3f"/>
      </object_component>
      <object_component id="oc-fc">
         <name>.text</name>
         <load_address>0x24eed</load_address>
         <run_address>0x24eed</run_address>
         <size>0x5c</size>
         <input_file_ref idref="fl-4c"/>
      </object_component>
      <object_component id="oc-48">
         <name>.text</name>
         <load_address>0x24f49</load_address>
         <run_address>0x24f49</run_address>
         <size>0x54</size>
         <input_file_ref idref="fl-13"/>
      </object_component>
      <object_component id="oc-b4">
         <name>.text</name>
         <load_address>0x24f9d</load_address>
         <run_address>0x24f9d</run_address>
         <size>0x50</size>
         <input_file_ref idref="fl-3d"/>
      </object_component>
      <object_component id="oc-100">
         <name>.text</name>
         <load_address>0x24fed</load_address>
         <run_address>0x24fed</run_address>
         <size>0x4d</size>
         <input_file_ref idref="fl-4d"/>
      </object_component>
      <object_component id="oc-f8">
         <name>.text</name>
         <load_address>0x2503a</load_address>
         <run_address>0x2503a</run_address>
         <size>0x4b</size>
         <input_file_ref idref="fl-4b"/>
      </object_component>
      <object_component id="oc-133">
         <name>.text</name>
         <load_address>0x25085</load_address>
         <run_address>0x25085</run_address>
         <size>0x4b</size>
         <input_file_ref idref="fl-5a"/>
      </object_component>
      <object_component id="oc-13f">
         <name>.text</name>
         <load_address>0x250d0</load_address>
         <run_address>0x250d0</run_address>
         <size>0x48</size>
         <input_file_ref idref="fl-5d"/>
      </object_component>
      <object_component id="oc-3b">
         <name>.text</name>
         <load_address>0x25118</load_address>
         <run_address>0x25118</run_address>
         <size>0x41</size>
         <input_file_ref idref="fl-8"/>
      </object_component>
      <object_component id="oc-d7">
         <name>.text</name>
         <load_address>0x25159</load_address>
         <run_address>0x25159</run_address>
         <size>0x41</size>
         <input_file_ref idref="fl-44"/>
      </object_component>
      <object_component id="oc-9c">
         <name>.text</name>
         <load_address>0x2519a</load_address>
         <run_address>0x2519a</run_address>
         <size>0x3f</size>
         <input_file_ref idref="fl-38"/>
      </object_component>
      <object_component id="oc-60">
         <name>.text</name>
         <load_address>0x251d9</load_address>
         <run_address>0x251d9</run_address>
         <size>0x3e</size>
         <input_file_ref idref="fl-2b"/>
      </object_component>
      <object_component id="oc-11">
         <name>.text</name>
         <load_address>0x25217</load_address>
         <run_address>0x25217</run_address>
         <size>0x34</size>
         <input_file_ref idref="fl-28"/>
      </object_component>
      <object_component id="oc-6f">
         <name>.text</name>
         <load_address>0x2524b</load_address>
         <run_address>0x2524b</run_address>
         <size>0x2a</size>
         <input_file_ref idref="fl-2e"/>
      </object_component>
      <object_component id="oc-dc">
         <name>.text</name>
         <load_address>0x25275</load_address>
         <run_address>0x25275</run_address>
         <size>0x2a</size>
         <input_file_ref idref="fl-45"/>
      </object_component>
      <object_component id="oc-12f">
         <name>.text</name>
         <load_address>0x2529f</load_address>
         <run_address>0x2529f</run_address>
         <size>0x23</size>
         <input_file_ref idref="fl-59"/>
      </object_component>
      <object_component id="oc-123">
         <name>.text</name>
         <load_address>0x252c2</load_address>
         <run_address>0x252c2</run_address>
         <size>0x1a</size>
         <input_file_ref idref="fl-56"/>
      </object_component>
      <object_component id="oc-c8">
         <name>.text</name>
         <load_address>0x252dc</load_address>
         <run_address>0x252dc</run_address>
         <size>0x14</size>
         <input_file_ref idref="fl-41"/>
      </object_component>
      <object_component id="oc-92">
         <name>.text</name>
         <load_address>0x252f0</load_address>
         <run_address>0x252f0</run_address>
         <size>0x13</size>
         <input_file_ref idref="fl-36"/>
      </object_component>
      <object_component id="oc-ec">
         <name>.text</name>
         <load_address>0x25303</load_address>
         <run_address>0x25303</run_address>
         <size>0x12</size>
         <input_file_ref idref="fl-49"/>
      </object_component>
      <object_component id="oc-b0">
         <name>.text</name>
         <load_address>0x25315</load_address>
         <run_address>0x25315</run_address>
         <size>0x10</size>
         <input_file_ref idref="fl-3c"/>
      </object_component>
      <object_component id="oc-77">
         <name>.text</name>
         <load_address>0x25325</load_address>
         <run_address>0x25325</run_address>
         <size>0xc</size>
         <input_file_ref idref="fl-30"/>
      </object_component>
      <object_component id="oc-13">
         <name>.text</name>
         <load_address>0x25331</load_address>
         <run_address>0x25331</run_address>
         <size>0xa</size>
         <input_file_ref idref="fl-2"/>
      </object_component>
      <object_component id="oc-b8">
         <name>.text</name>
         <load_address>0x2533b</load_address>
         <run_address>0x2533b</run_address>
         <size>0xa</size>
         <input_file_ref idref="fl-3e"/>
      </object_component>
      <object_component id="oc-64">
         <name>.text:CIO_breakpoint</name>
         <load_address>0x25345</load_address>
         <run_address>0x25345</run_address>
         <size>0x7</size>
         <input_file_ref idref="fl-2b"/>
      </object_component>
      <object_component id="oc-e0">
         <name>.text</name>
         <load_address>0x2534c</load_address>
         <run_address>0x2534c</run_address>
         <size>0x2</size>
         <input_file_ref idref="fl-46"/>
      </object_component>
      <object_component id="oc-51">
         <name>.stack</name>
         <uninitialized>true</uninitialized>
         <run_address>0xc0</run_address>
         <size>0x0</size>
         <input_file_ref idref="fl-28"/>
      </object_component>
      <object_component id="oc-15e">
         <name>.stack</name>
         <uninitialized>true</uninitialized>
         <run_address>0xc0</run_address>
         <size>0x0</size>
      </object_component>
      <object_component id="oc-143">
         <name>.sysstack</name>
         <uninitialized>true</uninitialized>
         <run_address>0x20c0</run_address>
         <size>0x0</size>
         <input_file_ref idref="fl-28"/>
      </object_component>
      <object_component id="oc-160">
         <name>.sysstack</name>
         <uninitialized>true</uninitialized>
         <run_address>0x20c0</run_address>
         <size>0x0</size>
      </object_component>
      <object_component id="oc-28">
         <name>.bss</name>
         <uninitialized>true</uninitialized>
         <run_address>0x50c0</run_address>
         <size>0x800</size>
         <input_file_ref idref="fl-5"/>
      </object_component>
      <object_component id="oc-33">
         <name>.bss</name>
         <uninitialized>true</uninitialized>
         <run_address>0x58c0</run_address>
         <size>0x770</size>
         <input_file_ref idref="fl-7"/>
      </object_component>
      <object_component id="oc-10a">
         <name>.bss</name>
         <uninitialized>true</uninitialized>
         <run_address>0x6030</run_address>
         <size>0x232</size>
         <input_file_ref idref="fl-50"/>
      </object_component>
      <object_component id="oc-cd">
         <name>.bss</name>
         <uninitialized>true</uninitialized>
         <run_address>0x6262</run_address>
         <size>0x1a0</size>
         <input_file_ref idref="fl-42"/>
      </object_component>
      <object_component id="oc-81">
         <name>.bss</name>
         <uninitialized>true</uninitialized>
         <run_address>0x6402</run_address>
         <size>0x2</size>
         <input_file_ref idref="fl-32"/>
      </object_component>
      <object_component id="oc-97">
         <name>.bss</name>
         <uninitialized>true</uninitialized>
         <run_address>0x6404</run_address>
         <size>0xe2</size>
         <input_file_ref idref="fl-37"/>
      </object_component>
      <object_component id="oc-56">
         <name>.bss</name>
         <uninitialized>true</uninitialized>
         <run_address>0x64e8</run_address>
         <size>0x10</size>
         <input_file_ref idref="fl-29"/>
      </object_component>
      <object_component id="oc-c2">
         <name>.bss</name>
         <uninitialized>true</uninitialized>
         <run_address>0x64f8</run_address>
         <size>0x10</size>
         <input_file_ref idref="fl-40"/>
      </object_component>
      <object_component id="oc-a1">
         <name>.bss</name>
         <uninitialized>true</uninitialized>
         <run_address>0x6508</run_address>
         <size>0xc</size>
         <input_file_ref idref="fl-39"/>
      </object_component>
      <object_component id="oc-19">
         <name>.bss</name>
         <uninitialized>true</uninitialized>
         <run_address>0x6514</run_address>
         <size>0xa</size>
         <input_file_ref idref="fl-3"/>
      </object_component>
      <object_component id="oc-20">
         <name>.bss</name>
         <uninitialized>true</uninitialized>
         <run_address>0x6520</run_address>
         <size>0x8</size>
         <input_file_ref idref="fl-4"/>
      </object_component>
      <object_component id="oc-ed">
         <name>.bss</name>
         <uninitialized>true</uninitialized>
         <run_address>0x6528</run_address>
         <size>0x8</size>
         <input_file_ref idref="fl-49"/>
      </object_component>
      <object_component id="oc-61">
         <name>.bss</name>
         <uninitialized>true</uninitialized>
         <run_address>0x6530</run_address>
         <size>0x8</size>
         <input_file_ref idref="fl-2b"/>
      </object_component>
      <object_component id="oc-145">
         <name>.const:__ctypes_</name>
         <load_address>0x6538</load_address>
         <run_address>0x6538</run_address>
         <size>0x202</size>
         <input_file_ref idref="fl-4f"/>
      </object_component>
      <object_component id="oc-3d">
         <name>.const</name>
         <load_address>0x673a</load_address>
         <run_address>0x673a</run_address>
         <size>0x2</size>
         <input_file_ref idref="fl-8"/>
      </object_component>
      <object_component id="oc-23">
         <name>.const:.string</name>
         <load_address>0x673c</load_address>
         <run_address>0x673c</run_address>
         <size>0x12e</size>
         <input_file_ref idref="fl-4"/>
      </object_component>
      <object_component id="oc-37">
         <name>.const:.string</name>
         <load_address>0x686c</load_address>
         <run_address>0x686c</run_address>
         <size>0x9c</size>
         <input_file_ref idref="fl-7"/>
      </object_component>
      <object_component id="oc-f5">
         <name>.const:.string</name>
         <load_address>0x6908</load_address>
         <run_address>0x6908</run_address>
         <size>0x48</size>
         <input_file_ref idref="fl-4a"/>
      </object_component>
      <object_component id="oc-59">
         <name>.const</name>
         <load_address>0x6950</load_address>
         <run_address>0x6950</run_address>
         <size>0x2c</size>
         <input_file_ref idref="fl-29"/>
      </object_component>
      <object_component id="oc-3e">
         <name>.const:.string</name>
         <load_address>0x697c</load_address>
         <run_address>0x697c</run_address>
         <size>0x2a</size>
         <input_file_ref idref="fl-8"/>
      </object_component>
      <object_component id="oc-c5">
         <name>.const</name>
         <load_address>0x69a8</load_address>
         <run_address>0x69a8</run_address>
         <size>0x28</size>
         <input_file_ref idref="fl-40"/>
      </object_component>
      <object_component id="oc-f4">
         <name>.const</name>
         <load_address>0x69d0</load_address>
         <run_address>0x69d0</run_address>
         <size>0x18</size>
         <input_file_ref idref="fl-4a"/>
      </object_component>
      <object_component id="oc-44">
         <name>.const</name>
         <load_address>0x69e8</load_address>
         <run_address>0x69e8</run_address>
         <size>0x14</size>
         <input_file_ref idref="fl-9"/>
      </object_component>
      <object_component id="oc-144">
         <name>.const:_initial_approx$1</name>
         <load_address>0x69fc</load_address>
         <run_address>0x69fc</run_address>
         <size>0x10</size>
         <input_file_ref idref="fl-2a"/>
      </object_component>
      <object_component id="oc-be">
         <name>.const</name>
         <load_address>0x6a0c</load_address>
         <run_address>0x6a0c</run_address>
         <size>0x10</size>
         <input_file_ref idref="fl-3f"/>
      </object_component>
      <object_component id="oc-a9">
         <name>.const</name>
         <load_address>0x6a1c</load_address>
         <run_address>0x6a1c</run_address>
         <size>0xc</size>
         <input_file_ref idref="fl-3a"/>
      </object_component>
      <object_component id="oc-36">
         <name>.const</name>
         <load_address>0x6a28</load_address>
         <run_address>0x6a28</run_address>
         <size>0x8</size>
         <input_file_ref idref="fl-7"/>
      </object_component>
      <object_component id="oc-d9">
         <name>.const</name>
         <load_address>0x6a30</load_address>
         <run_address>0x6a30</run_address>
         <size>0x8</size>
         <input_file_ref idref="fl-44"/>
      </object_component>
      <object_component id="oc-118">
         <name>.const:.string</name>
         <load_address>0x6a38</load_address>
         <run_address>0x6a38</run_address>
         <size>0x4</size>
         <input_file_ref idref="fl-53"/>
      </object_component>
      <object_component id="oc-7d">
         <name>.const</name>
         <load_address>0x6a3c</load_address>
         <run_address>0x6a3c</run_address>
         <size>0x4</size>
         <input_file_ref idref="fl-31"/>
      </object_component>
      <object_component id="oc-a4">
         <name>.sysmem</name>
         <uninitialized>true</uninitialized>
         <run_address>0x30c0</run_address>
         <size>0x0</size>
         <input_file_ref idref="fl-39"/>
      </object_component>
      <object_component id="oc-15f">
         <name>.sysmem</name>
         <uninitialized>true</uninitialized>
         <run_address>0x30c0</run_address>
         <size>0x0</size>
      </object_component>
      <object_component id="oc-99">
         <name>.cinit</name>
         <load_address>0x40240</load_address>
         <run_address>0x40240</run_address>
         <size>0x5a</size>
         <input_file_ref idref="fl-37"/>
      </object_component>
      <object_component id="oc-10c">
         <name>.cinit</name>
         <load_address>0x4029a</load_address>
         <run_address>0x4029a</run_address>
         <size>0x54</size>
         <input_file_ref idref="fl-50"/>
      </object_component>
      <object_component id="oc-35">
         <name>.cinit</name>
         <load_address>0x402ee</load_address>
         <run_address>0x402ee</run_address>
         <size>0x30</size>
         <input_file_ref idref="fl-7"/>
      </object_component>
      <object_component id="oc-58">
         <name>.cinit</name>
         <load_address>0x4031e</load_address>
         <run_address>0x4031e</run_address>
         <size>0x16</size>
         <input_file_ref idref="fl-29"/>
      </object_component>
      <object_component id="oc-c4">
         <name>.cinit</name>
         <load_address>0x40334</load_address>
         <run_address>0x40334</run_address>
         <size>0x16</size>
         <input_file_ref idref="fl-40"/>
      </object_component>
      <object_component id="oc-22">
         <name>.cinit</name>
         <load_address>0x4034a</load_address>
         <run_address>0x4034a</run_address>
         <size>0x14</size>
         <input_file_ref idref="fl-4"/>
      </object_component>
      <object_component id="oc-ef">
         <name>.cinit</name>
         <load_address>0x4035e</load_address>
         <run_address>0x4035e</run_address>
         <size>0x14</size>
         <input_file_ref idref="fl-49"/>
      </object_component>
      <object_component id="oc-63">
         <name>.cinit</name>
         <load_address>0x40372</load_address>
         <run_address>0x40372</run_address>
         <size>0x14</size>
         <input_file_ref idref="fl-2b"/>
      </object_component>
      <object_component id="oc-1b">
         <name>.cinit</name>
         <load_address>0x40386</load_address>
         <run_address>0x40386</run_address>
         <size>0x8</size>
         <input_file_ref idref="fl-3"/>
      </object_component>
      <object_component id="oc-83">
         <name>.cinit</name>
         <load_address>0x4038e</load_address>
         <run_address>0x4038e</run_address>
         <size>0x8</size>
         <input_file_ref idref="fl-32"/>
      </object_component>
      <object_component id="oc-a3">
         <name>.cinit</name>
         <load_address>0x40396</load_address>
         <run_address>0x40396</run_address>
         <size>0x8</size>
         <input_file_ref idref="fl-39"/>
      </object_component>
      <object_component id="oc-d3">
         <name>.cio</name>
         <uninitialized>true</uninitialized>
         <run_address>0x40000</run_address>
         <size>0x240</size>
         <input_file_ref idref="fl-43"/>
      </object_component>
      <object_component id="oc-12">
         <name>vectors</name>
         <load_address>0x4fe00</load_address>
         <run_address>0x4fe00</run_address>
         <size>0x100</size>
         <input_file_ref idref="fl-46"/>
      </object_component>
      <object_component id="oc-14">
         <name>.debug_info</name>
         <load_address>0x0</load_address>
         <run_address>0x0</run_address>
         <size>0x58a</size>
         <input_file_ref idref="fl-2"/>
      </object_component>
      <object_component id="oc-1a">
         <name>.debug_info</name>
         <load_address>0x58a</load_address>
         <run_address>0x58a</run_address>
         <size>0x929</size>
         <input_file_ref idref="fl-3"/>
      </object_component>
      <object_component id="oc-21">
         <name>.debug_info</name>
         <load_address>0xeb3</load_address>
         <run_address>0xeb3</run_address>
         <size>0x93b</size>
         <input_file_ref idref="fl-4"/>
      </object_component>
      <object_component id="oc-29">
         <name>.debug_info</name>
         <load_address>0x17ee</load_address>
         <run_address>0x17ee</run_address>
         <size>0x9ef</size>
         <input_file_ref idref="fl-5"/>
      </object_component>
      <object_component id="oc-2e">
         <name>.debug_info</name>
         <load_address>0x21dd</load_address>
         <run_address>0x21dd</run_address>
         <size>0x777</size>
         <input_file_ref idref="fl-6"/>
      </object_component>
      <object_component id="oc-34">
         <name>.debug_info</name>
         <load_address>0x2954</load_address>
         <run_address>0x2954</run_address>
         <size>0x11df</size>
         <input_file_ref idref="fl-7"/>
      </object_component>
      <object_component id="oc-3c">
         <name>.debug_info</name>
         <load_address>0x3b33</load_address>
         <run_address>0x3b33</run_address>
         <size>0x6b5</size>
         <input_file_ref idref="fl-8"/>
      </object_component>
      <object_component id="oc-43">
         <name>.debug_info</name>
         <load_address>0x41e8</load_address>
         <run_address>0x41e8</run_address>
         <size>0xe19</size>
         <input_file_ref idref="fl-9"/>
      </object_component>
      <object_component id="oc-49">
         <name>.debug_info</name>
         <load_address>0x5001</load_address>
         <run_address>0x5001</run_address>
         <size>0x5896</size>
         <input_file_ref idref="fl-13"/>
      </object_component>
      <object_component id="oc-4e">
         <name>.debug_info</name>
         <load_address>0xa897</load_address>
         <run_address>0xa897</run_address>
         <size>0x5ab</size>
         <input_file_ref idref="fl-27"/>
      </object_component>
      <object_component id="oc-52">
         <name>.debug_info</name>
         <load_address>0xae42</load_address>
         <run_address>0xae42</run_address>
         <size>0xe8</size>
         <input_file_ref idref="fl-28"/>
      </object_component>
      <object_component id="oc-57">
         <name>.debug_info</name>
         <load_address>0xaf2a</load_address>
         <run_address>0xaf2a</run_address>
         <size>0x716</size>
         <input_file_ref idref="fl-29"/>
      </object_component>
      <object_component id="oc-5d">
         <name>.debug_info</name>
         <load_address>0xb640</load_address>
         <run_address>0xb640</run_address>
         <size>0x7e8</size>
         <input_file_ref idref="fl-2a"/>
      </object_component>
      <object_component id="oc-62">
         <name>.debug_info</name>
         <load_address>0xbe28</load_address>
         <run_address>0xbe28</run_address>
         <size>0x5fb</size>
         <input_file_ref idref="fl-2b"/>
      </object_component>
      <object_component id="oc-68">
         <name>.debug_info</name>
         <load_address>0xc423</load_address>
         <run_address>0xc423</run_address>
         <size>0x64f</size>
         <input_file_ref idref="fl-2c"/>
      </object_component>
      <object_component id="oc-6c">
         <name>.debug_info</name>
         <load_address>0xca72</load_address>
         <run_address>0xca72</run_address>
         <size>0x706</size>
         <input_file_ref idref="fl-2d"/>
      </object_component>
      <object_component id="oc-70">
         <name>.debug_info</name>
         <load_address>0xd178</load_address>
         <run_address>0xd178</run_address>
         <size>0x4cf</size>
         <input_file_ref idref="fl-2e"/>
      </object_component>
      <object_component id="oc-74">
         <name>.debug_info</name>
         <load_address>0xd647</load_address>
         <run_address>0xd647</run_address>
         <size>0x534</size>
         <input_file_ref idref="fl-2f"/>
      </object_component>
      <object_component id="oc-78">
         <name>.debug_info</name>
         <load_address>0xdb7b</load_address>
         <run_address>0xdb7b</run_address>
         <size>0x4cf</size>
         <input_file_ref idref="fl-30"/>
      </object_component>
      <object_component id="oc-7c">
         <name>.debug_info</name>
         <load_address>0xe04a</load_address>
         <run_address>0xe04a</run_address>
         <size>0x549</size>
         <input_file_ref idref="fl-31"/>
      </object_component>
      <object_component id="oc-82">
         <name>.debug_info</name>
         <load_address>0xe593</load_address>
         <run_address>0xe593</run_address>
         <size>0xa1c</size>
         <input_file_ref idref="fl-32"/>
      </object_component>
      <object_component id="oc-87">
         <name>.debug_info</name>
         <load_address>0xefaf</load_address>
         <run_address>0xefaf</run_address>
         <size>0x53e</size>
         <input_file_ref idref="fl-33"/>
      </object_component>
      <object_component id="oc-8b">
         <name>.debug_info</name>
         <load_address>0xf4ed</load_address>
         <run_address>0xf4ed</run_address>
         <size>0x762</size>
         <input_file_ref idref="fl-34"/>
      </object_component>
      <object_component id="oc-8f">
         <name>.debug_info</name>
         <load_address>0xfc4f</load_address>
         <run_address>0xfc4f</run_address>
         <size>0x8f7</size>
         <input_file_ref idref="fl-35"/>
      </object_component>
      <object_component id="oc-93">
         <name>.debug_info</name>
         <load_address>0x10546</load_address>
         <run_address>0x10546</run_address>
         <size>0xbd</size>
         <input_file_ref idref="fl-36"/>
      </object_component>
      <object_component id="oc-98">
         <name>.debug_info</name>
         <load_address>0x10603</load_address>
         <run_address>0x10603</run_address>
         <size>0x144b</size>
         <input_file_ref idref="fl-37"/>
      </object_component>
      <object_component id="oc-9d">
         <name>.debug_info</name>
         <load_address>0x11a4e</load_address>
         <run_address>0x11a4e</run_address>
         <size>0xd1</size>
         <input_file_ref idref="fl-38"/>
      </object_component>
      <object_component id="oc-a2">
         <name>.debug_info</name>
         <load_address>0x11b1f</load_address>
         <run_address>0x11b1f</run_address>
         <size>0xb97</size>
         <input_file_ref idref="fl-39"/>
      </object_component>
      <object_component id="oc-a8">
         <name>.debug_info</name>
         <load_address>0x126b6</load_address>
         <run_address>0x126b6</run_address>
         <size>0x50c</size>
         <input_file_ref idref="fl-3a"/>
      </object_component>
      <object_component id="oc-ad">
         <name>.debug_info</name>
         <load_address>0x12bc2</load_address>
         <run_address>0x12bc2</run_address>
         <size>0x55b</size>
         <input_file_ref idref="fl-3b"/>
      </object_component>
      <object_component id="oc-b1">
         <name>.debug_info</name>
         <load_address>0x1311d</load_address>
         <run_address>0x1311d</run_address>
         <size>0x4b7</size>
         <input_file_ref idref="fl-3c"/>
      </object_component>
      <object_component id="oc-b5">
         <name>.debug_info</name>
         <load_address>0x135d4</load_address>
         <run_address>0x135d4</run_address>
         <size>0x76c</size>
         <input_file_ref idref="fl-3d"/>
      </object_component>
      <object_component id="oc-b9">
         <name>.debug_info</name>
         <load_address>0x13d40</load_address>
         <run_address>0x13d40</run_address>
         <size>0x510</size>
         <input_file_ref idref="fl-3e"/>
      </object_component>
      <object_component id="oc-bd">
         <name>.debug_info</name>
         <load_address>0x14250</load_address>
         <run_address>0x14250</run_address>
         <size>0x52e</size>
         <input_file_ref idref="fl-3f"/>
      </object_component>
      <object_component id="oc-c3">
         <name>.debug_info</name>
         <load_address>0x1477e</load_address>
         <run_address>0x1477e</run_address>
         <size>0x6ef</size>
         <input_file_ref idref="fl-40"/>
      </object_component>
      <object_component id="oc-c9">
         <name>.debug_info</name>
         <load_address>0x14e6d</load_address>
         <run_address>0x14e6d</run_address>
         <size>0x4de</size>
         <input_file_ref idref="fl-41"/>
      </object_component>
      <object_component id="oc-ce">
         <name>.debug_info</name>
         <load_address>0x1534b</load_address>
         <run_address>0x1534b</run_address>
         <size>0xed4</size>
         <input_file_ref idref="fl-42"/>
      </object_component>
      <object_component id="oc-d2">
         <name>.debug_info</name>
         <load_address>0x1621f</load_address>
         <run_address>0x1621f</run_address>
         <size>0x744</size>
         <input_file_ref idref="fl-43"/>
      </object_component>
      <object_component id="oc-d8">
         <name>.debug_info</name>
         <load_address>0x16963</load_address>
         <run_address>0x16963</run_address>
         <size>0x521</size>
         <input_file_ref idref="fl-44"/>
      </object_component>
      <object_component id="oc-dd">
         <name>.debug_info</name>
         <load_address>0x16e84</load_address>
         <run_address>0x16e84</run_address>
         <size>0xef</size>
         <input_file_ref idref="fl-45"/>
      </object_component>
      <object_component id="oc-e1">
         <name>.debug_info</name>
         <load_address>0x16f73</load_address>
         <run_address>0x16f73</run_address>
         <size>0xbc</size>
         <input_file_ref idref="fl-46"/>
      </object_component>
      <object_component id="oc-e5">
         <name>.debug_info</name>
         <load_address>0x1702f</load_address>
         <run_address>0x1702f</run_address>
         <size>0x6b8</size>
         <input_file_ref idref="fl-47"/>
      </object_component>
      <object_component id="oc-e9">
         <name>.debug_info</name>
         <load_address>0x176e7</load_address>
         <run_address>0x176e7</run_address>
         <size>0x662</size>
         <input_file_ref idref="fl-48"/>
      </object_component>
      <object_component id="oc-ee">
         <name>.debug_info</name>
         <load_address>0x17d49</load_address>
         <run_address>0x17d49</run_address>
         <size>0x5bc</size>
         <input_file_ref idref="fl-49"/>
      </object_component>
      <object_component id="oc-f3">
         <name>.debug_info</name>
         <load_address>0x18305</load_address>
         <run_address>0x18305</run_address>
         <size>0x27bd</size>
         <input_file_ref idref="fl-4a"/>
      </object_component>
      <object_component id="oc-f9">
         <name>.debug_info</name>
         <load_address>0x1aac2</load_address>
         <run_address>0x1aac2</run_address>
         <size>0x586</size>
         <input_file_ref idref="fl-4b"/>
      </object_component>
      <object_component id="oc-fd">
         <name>.debug_info</name>
         <load_address>0x1b048</load_address>
         <run_address>0x1b048</run_address>
         <size>0x5a4</size>
         <input_file_ref idref="fl-4c"/>
      </object_component>
      <object_component id="oc-101">
         <name>.debug_info</name>
         <load_address>0x1b5ec</load_address>
         <run_address>0x1b5ec</run_address>
         <size>0xcd</size>
         <input_file_ref idref="fl-4d"/>
      </object_component>
      <object_component id="oc-105">
         <name>.debug_info</name>
         <load_address>0x1b6b9</load_address>
         <run_address>0x1b6b9</run_address>
         <size>0x81f</size>
         <input_file_ref idref="fl-4e"/>
      </object_component>
      <object_component id="oc-108">
         <name>.debug_info</name>
         <load_address>0x1bed8</load_address>
         <run_address>0x1bed8</run_address>
         <size>0x498</size>
         <input_file_ref idref="fl-4f"/>
      </object_component>
      <object_component id="oc-10b">
         <name>.debug_info</name>
         <load_address>0x1c370</load_address>
         <run_address>0x1c370</run_address>
         <size>0x57e</size>
         <input_file_ref idref="fl-50"/>
      </object_component>
      <object_component id="oc-10f">
         <name>.debug_info</name>
         <load_address>0x1c8ee</load_address>
         <run_address>0x1c8ee</run_address>
         <size>0x534</size>
         <input_file_ref idref="fl-51"/>
      </object_component>
      <object_component id="oc-113">
         <name>.debug_info</name>
         <load_address>0x1ce22</load_address>
         <run_address>0x1ce22</run_address>
         <size>0x6aa</size>
         <input_file_ref idref="fl-52"/>
      </object_component>
      <object_component id="oc-117">
         <name>.debug_info</name>
         <load_address>0x1d4cc</load_address>
         <run_address>0x1d4cc</run_address>
         <size>0x942</size>
         <input_file_ref idref="fl-53"/>
      </object_component>
      <object_component id="oc-11c">
         <name>.debug_info</name>
         <load_address>0x1de0e</load_address>
         <run_address>0x1de0e</run_address>
         <size>0x4d2</size>
         <input_file_ref idref="fl-54"/>
      </object_component>
      <object_component id="oc-120">
         <name>.debug_info</name>
         <load_address>0x1e2e0</load_address>
         <run_address>0x1e2e0</run_address>
         <size>0x5f7</size>
         <input_file_ref idref="fl-55"/>
      </object_component>
      <object_component id="oc-124">
         <name>.debug_info</name>
         <load_address>0x1e8d7</load_address>
         <run_address>0x1e8d7</run_address>
         <size>0x680</size>
         <input_file_ref idref="fl-56"/>
      </object_component>
      <object_component id="oc-128">
         <name>.debug_info</name>
         <load_address>0x1ef57</load_address>
         <run_address>0x1ef57</run_address>
         <size>0x7d4</size>
         <input_file_ref idref="fl-57"/>
      </object_component>
      <object_component id="oc-12c">
         <name>.debug_info</name>
         <load_address>0x1f72b</load_address>
         <run_address>0x1f72b</run_address>
         <size>0x5ad</size>
         <input_file_ref idref="fl-58"/>
      </object_component>
      <object_component id="oc-130">
         <name>.debug_info</name>
         <load_address>0x1fcd8</load_address>
         <run_address>0x1fcd8</run_address>
         <size>0x574</size>
         <input_file_ref idref="fl-59"/>
      </object_component>
      <object_component id="oc-134">
         <name>.debug_info</name>
         <load_address>0x2024c</load_address>
         <run_address>0x2024c</run_address>
         <size>0x4f2</size>
         <input_file_ref idref="fl-5a"/>
      </object_component>
      <object_component id="oc-138">
         <name>.debug_info</name>
         <load_address>0x2073e</load_address>
         <run_address>0x2073e</run_address>
         <size>0x534</size>
         <input_file_ref idref="fl-5b"/>
      </object_component>
      <object_component id="oc-13c">
         <name>.debug_info</name>
         <load_address>0x20c72</load_address>
         <run_address>0x20c72</run_address>
         <size>0x64a</size>
         <input_file_ref idref="fl-5c"/>
      </object_component>
      <object_component id="oc-140">
         <name>.debug_info</name>
         <load_address>0x212bc</load_address>
         <run_address>0x212bc</run_address>
         <size>0x4f2</size>
         <input_file_ref idref="fl-5d"/>
      </object_component>
      <object_component id="oc-169">
         <name>.debug_info</name>
         <load_address>0x217ae</load_address>
         <run_address>0x217ae</run_address>
         <size>0x6e</size>
      </object_component>
      <object_component id="oc-15">
         <name>.debug_frame</name>
         <load_address>0x0</load_address>
         <run_address>0x0</run_address>
         <size>0xf4</size>
         <input_file_ref idref="fl-2"/>
      </object_component>
      <object_component id="oc-1c">
         <name>.debug_frame</name>
         <load_address>0xf4</load_address>
         <run_address>0xf4</run_address>
         <size>0x132</size>
         <input_file_ref idref="fl-3"/>
      </object_component>
      <object_component id="oc-24">
         <name>.debug_frame</name>
         <load_address>0x226</load_address>
         <run_address>0x226</run_address>
         <size>0x139</size>
         <input_file_ref idref="fl-4"/>
      </object_component>
      <object_component id="oc-2a">
         <name>.debug_frame</name>
         <load_address>0x35f</load_address>
         <run_address>0x35f</run_address>
         <size>0x118</size>
         <input_file_ref idref="fl-5"/>
      </object_component>
      <object_component id="oc-2f">
         <name>.debug_frame</name>
         <load_address>0x477</load_address>
         <run_address>0x477</run_address>
         <size>0x102</size>
         <input_file_ref idref="fl-6"/>
      </object_component>
      <object_component id="oc-38">
         <name>.debug_frame</name>
         <load_address>0x579</load_address>
         <run_address>0x579</run_address>
         <size>0x10e</size>
         <input_file_ref idref="fl-7"/>
      </object_component>
      <object_component id="oc-3f">
         <name>.debug_frame</name>
         <load_address>0x687</load_address>
         <run_address>0x687</run_address>
         <size>0x132</size>
         <input_file_ref idref="fl-8"/>
      </object_component>
      <object_component id="oc-45">
         <name>.debug_frame</name>
         <load_address>0x7b9</load_address>
         <run_address>0x7b9</run_address>
         <size>0x18f</size>
         <input_file_ref idref="fl-9"/>
      </object_component>
      <object_component id="oc-4a">
         <name>.debug_frame</name>
         <load_address>0x948</load_address>
         <run_address>0x948</run_address>
         <size>0x116</size>
         <input_file_ref idref="fl-13"/>
      </object_component>
      <object_component id="oc-16">
         <name>.debug_line</name>
         <load_address>0x0</load_address>
         <run_address>0x0</run_address>
         <size>0x60</size>
         <input_file_ref idref="fl-2"/>
      </object_component>
      <object_component id="oc-1d">
         <name>.debug_line</name>
         <load_address>0x60</load_address>
         <run_address>0x60</run_address>
         <size>0xac</size>
         <input_file_ref idref="fl-3"/>
      </object_component>
      <object_component id="oc-25">
         <name>.debug_line</name>
         <load_address>0x10c</load_address>
         <run_address>0x10c</run_address>
         <size>0xb8</size>
         <input_file_ref idref="fl-4"/>
      </object_component>
      <object_component id="oc-2b">
         <name>.debug_line</name>
         <load_address>0x1c4</load_address>
         <run_address>0x1c4</run_address>
         <size>0xbe</size>
         <input_file_ref idref="fl-5"/>
      </object_component>
      <object_component id="oc-30">
         <name>.debug_line</name>
         <load_address>0x282</load_address>
         <run_address>0x282</run_address>
         <size>0x6e</size>
         <input_file_ref idref="fl-6"/>
      </object_component>
      <object_component id="oc-39">
         <name>.debug_line</name>
         <load_address>0x2f0</load_address>
         <run_address>0x2f0</run_address>
         <size>0x111</size>
         <input_file_ref idref="fl-7"/>
      </object_component>
      <object_component id="oc-40">
         <name>.debug_line</name>
         <load_address>0x401</load_address>
         <run_address>0x401</run_address>
         <size>0x86</size>
         <input_file_ref idref="fl-8"/>
      </object_component>
      <object_component id="oc-46">
         <name>.debug_line</name>
         <load_address>0x487</load_address>
         <run_address>0x487</run_address>
         <size>0xfa</size>
         <input_file_ref idref="fl-9"/>
      </object_component>
      <object_component id="oc-4b">
         <name>.debug_line</name>
         <load_address>0x581</load_address>
         <run_address>0x581</run_address>
         <size>0x59c</size>
         <input_file_ref idref="fl-13"/>
      </object_component>
      <object_component id="oc-4f">
         <name>.debug_line</name>
         <load_address>0xb1d</load_address>
         <run_address>0xb1d</run_address>
         <size>0x5c</size>
         <input_file_ref idref="fl-27"/>
      </object_component>
      <object_component id="oc-53">
         <name>.debug_line</name>
         <load_address>0xb79</load_address>
         <run_address>0xb79</run_address>
         <size>0x54</size>
         <input_file_ref idref="fl-28"/>
      </object_component>
      <object_component id="oc-5a">
         <name>.debug_line</name>
         <load_address>0xbcd</load_address>
         <run_address>0xbcd</run_address>
         <size>0x54</size>
         <input_file_ref idref="fl-29"/>
      </object_component>
      <object_component id="oc-5e">
         <name>.debug_line</name>
         <load_address>0xc21</load_address>
         <run_address>0xc21</run_address>
         <size>0x5b</size>
         <input_file_ref idref="fl-2a"/>
      </object_component>
      <object_component id="oc-65">
         <name>.debug_line</name>
         <load_address>0xc7c</load_address>
         <run_address>0xc7c</run_address>
         <size>0x51</size>
         <input_file_ref idref="fl-2b"/>
      </object_component>
      <object_component id="oc-69">
         <name>.debug_line</name>
         <load_address>0xccd</load_address>
         <run_address>0xccd</run_address>
         <size>0x3d</size>
         <input_file_ref idref="fl-2c"/>
      </object_component>
      <object_component id="oc-6d">
         <name>.debug_line</name>
         <load_address>0xd0a</load_address>
         <run_address>0xd0a</run_address>
         <size>0x5b</size>
         <input_file_ref idref="fl-2d"/>
      </object_component>
      <object_component id="oc-71">
         <name>.debug_line</name>
         <load_address>0xd65</load_address>
         <run_address>0xd65</run_address>
         <size>0x3d</size>
         <input_file_ref idref="fl-2e"/>
      </object_component>
      <object_component id="oc-75">
         <name>.debug_line</name>
         <load_address>0xda2</load_address>
         <run_address>0xda2</run_address>
         <size>0x3d</size>
         <input_file_ref idref="fl-2f"/>
      </object_component>
      <object_component id="oc-79">
         <name>.debug_line</name>
         <load_address>0xddf</load_address>
         <run_address>0xddf</run_address>
         <size>0x3d</size>
         <input_file_ref idref="fl-30"/>
      </object_component>
      <object_component id="oc-7e">
         <name>.debug_line</name>
         <load_address>0xe1c</load_address>
         <run_address>0xe1c</run_address>
         <size>0x44</size>
         <input_file_ref idref="fl-31"/>
      </object_component>
      <object_component id="oc-84">
         <name>.debug_line</name>
         <load_address>0xe60</load_address>
         <run_address>0xe60</run_address>
         <size>0xd7</size>
         <input_file_ref idref="fl-32"/>
      </object_component>
      <object_component id="oc-88">
         <name>.debug_line</name>
         <load_address>0xf37</load_address>
         <run_address>0xf37</run_address>
         <size>0x40</size>
         <input_file_ref idref="fl-33"/>
      </object_component>
      <object_component id="oc-8c">
         <name>.debug_line</name>
         <load_address>0xf77</load_address>
         <run_address>0xf77</run_address>
         <size>0x4d</size>
         <input_file_ref idref="fl-34"/>
      </object_component>
      <object_component id="oc-90">
         <name>.debug_line</name>
         <load_address>0xfc4</load_address>
         <run_address>0xfc4</run_address>
         <size>0x97</size>
         <input_file_ref idref="fl-35"/>
      </object_component>
      <object_component id="oc-94">
         <name>.debug_line</name>
         <load_address>0x105b</load_address>
         <run_address>0x105b</run_address>
         <size>0x3c</size>
         <input_file_ref idref="fl-36"/>
      </object_component>
      <object_component id="oc-9a">
         <name>.debug_line</name>
         <load_address>0x1097</load_address>
         <run_address>0x1097</run_address>
         <size>0x1b0</size>
         <input_file_ref idref="fl-37"/>
      </object_component>
      <object_component id="oc-9e">
         <name>.debug_line</name>
         <load_address>0x1247</load_address>
         <run_address>0x1247</run_address>
         <size>0x4d</size>
         <input_file_ref idref="fl-38"/>
      </object_component>
      <object_component id="oc-a5">
         <name>.debug_line</name>
         <load_address>0x1294</load_address>
         <run_address>0x1294</run_address>
         <size>0x112</size>
         <input_file_ref idref="fl-39"/>
      </object_component>
      <object_component id="oc-aa">
         <name>.debug_line</name>
         <load_address>0x13a6</load_address>
         <run_address>0x13a6</run_address>
         <size>0x3c</size>
         <input_file_ref idref="fl-3a"/>
      </object_component>
      <object_component id="oc-ae">
         <name>.debug_line</name>
         <load_address>0x13e2</load_address>
         <run_address>0x13e2</run_address>
         <size>0x3c</size>
         <input_file_ref idref="fl-3b"/>
      </object_component>
      <object_component id="oc-b2">
         <name>.debug_line</name>
         <load_address>0x141e</load_address>
         <run_address>0x141e</run_address>
         <size>0x37</size>
         <input_file_ref idref="fl-3c"/>
      </object_component>
      <object_component id="oc-b6">
         <name>.debug_line</name>
         <load_address>0x1455</load_address>
         <run_address>0x1455</run_address>
         <size>0x69</size>
         <input_file_ref idref="fl-3d"/>
      </object_component>
      <object_component id="oc-ba">
         <name>.debug_line</name>
         <load_address>0x14be</load_address>
         <run_address>0x14be</run_address>
         <size>0x39</size>
         <input_file_ref idref="fl-3e"/>
      </object_component>
      <object_component id="oc-bf">
         <name>.debug_line</name>
         <load_address>0x14f7</load_address>
         <run_address>0x14f7</run_address>
         <size>0x3a</size>
         <input_file_ref idref="fl-3f"/>
      </object_component>
      <object_component id="oc-c6">
         <name>.debug_line</name>
         <load_address>0x1531</load_address>
         <run_address>0x1531</run_address>
         <size>0x54</size>
         <input_file_ref idref="fl-40"/>
      </object_component>
      <object_component id="oc-ca">
         <name>.debug_line</name>
         <load_address>0x1585</load_address>
         <run_address>0x1585</run_address>
         <size>0x37</size>
         <input_file_ref idref="fl-41"/>
      </object_component>
      <object_component id="oc-cf">
         <name>.debug_line</name>
         <load_address>0x15bc</load_address>
         <run_address>0x15bc</run_address>
         <size>0x15d</size>
         <input_file_ref idref="fl-42"/>
      </object_component>
      <object_component id="oc-d5">
         <name>.debug_line</name>
         <load_address>0x1719</load_address>
         <run_address>0x1719</run_address>
         <size>0x6a</size>
         <input_file_ref idref="fl-43"/>
      </object_component>
      <object_component id="oc-da">
         <name>.debug_line</name>
         <load_address>0x1783</load_address>
         <run_address>0x1783</run_address>
         <size>0x38</size>
         <input_file_ref idref="fl-44"/>
      </object_component>
      <object_component id="oc-de">
         <name>.debug_line</name>
         <load_address>0x17bb</load_address>
         <run_address>0x17bb</run_address>
         <size>0x58</size>
         <input_file_ref idref="fl-45"/>
      </object_component>
      <object_component id="oc-e2">
         <name>.debug_line</name>
         <load_address>0x1813</load_address>
         <run_address>0x1813</run_address>
         <size>0x37</size>
         <input_file_ref idref="fl-46"/>
      </object_component>
      <object_component id="oc-e6">
         <name>.debug_line</name>
         <load_address>0x184a</load_address>
         <run_address>0x184a</run_address>
         <size>0x4c</size>
         <input_file_ref idref="fl-47"/>
      </object_component>
      <object_component id="oc-ea">
         <name>.debug_line</name>
         <load_address>0x1896</load_address>
         <run_address>0x1896</run_address>
         <size>0x57</size>
         <input_file_ref idref="fl-48"/>
      </object_component>
      <object_component id="oc-f0">
         <name>.debug_line</name>
         <load_address>0x18ed</load_address>
         <run_address>0x18ed</run_address>
         <size>0x57</size>
         <input_file_ref idref="fl-49"/>
      </object_component>
      <object_component id="oc-f6">
         <name>.debug_line</name>
         <load_address>0x1944</load_address>
         <run_address>0x1944</run_address>
         <size>0x328</size>
         <input_file_ref idref="fl-4a"/>
      </object_component>
      <object_component id="oc-fa">
         <name>.debug_line</name>
         <load_address>0x1c6c</load_address>
         <run_address>0x1c6c</run_address>
         <size>0x41</size>
         <input_file_ref idref="fl-4b"/>
      </object_component>
      <object_component id="oc-fe">
         <name>.debug_line</name>
         <load_address>0x1cad</load_address>
         <run_address>0x1cad</run_address>
         <size>0x46</size>
         <input_file_ref idref="fl-4c"/>
      </object_component>
      <object_component id="oc-102">
         <name>.debug_line</name>
         <load_address>0x1cf3</load_address>
         <run_address>0x1cf3</run_address>
         <size>0x55</size>
         <input_file_ref idref="fl-4d"/>
      </object_component>
      <object_component id="oc-106">
         <name>.debug_line</name>
         <load_address>0x1d48</load_address>
         <run_address>0x1d48</run_address>
         <size>0xad</size>
         <input_file_ref idref="fl-4e"/>
      </object_component>
      <object_component id="oc-110">
         <name>.debug_line</name>
         <load_address>0x1df5</load_address>
         <run_address>0x1df5</run_address>
         <size>0x44</size>
         <input_file_ref idref="fl-51"/>
      </object_component>
      <object_component id="oc-114">
         <name>.debug_line</name>
         <load_address>0x1e39</load_address>
         <run_address>0x1e39</run_address>
         <size>0x56</size>
         <input_file_ref idref="fl-52"/>
      </object_component>
      <object_component id="oc-119">
         <name>.debug_line</name>
         <load_address>0x1e8f</load_address>
         <run_address>0x1e8f</run_address>
         <size>0xa8</size>
         <input_file_ref idref="fl-53"/>
      </object_component>
      <object_component id="oc-11d">
         <name>.debug_line</name>
         <load_address>0x1f37</load_address>
         <run_address>0x1f37</run_address>
         <size>0x3a</size>
         <input_file_ref idref="fl-54"/>
      </object_component>
      <object_component id="oc-121">
         <name>.debug_line</name>
         <load_address>0x1f71</load_address>
         <run_address>0x1f71</run_address>
         <size>0x3c</size>
         <input_file_ref idref="fl-55"/>
      </object_component>
      <object_component id="oc-125">
         <name>.debug_line</name>
         <load_address>0x1fad</load_address>
         <run_address>0x1fad</run_address>
         <size>0x38</size>
         <input_file_ref idref="fl-56"/>
      </object_component>
      <object_component id="oc-129">
         <name>.debug_line</name>
         <load_address>0x1fe5</load_address>
         <run_address>0x1fe5</run_address>
         <size>0xa8</size>
         <input_file_ref idref="fl-57"/>
      </object_component>
      <object_component id="oc-12d">
         <name>.debug_line</name>
         <load_address>0x208d</load_address>
         <run_address>0x208d</run_address>
         <size>0x40</size>
         <input_file_ref idref="fl-58"/>
      </object_component>
      <object_component id="oc-131">
         <name>.debug_line</name>
         <load_address>0x20cd</load_address>
         <run_address>0x20cd</run_address>
         <size>0x3c</size>
         <input_file_ref idref="fl-59"/>
      </object_component>
      <object_component id="oc-135">
         <name>.debug_line</name>
         <load_address>0x2109</load_address>
         <run_address>0x2109</run_address>
         <size>0x3c</size>
         <input_file_ref idref="fl-5a"/>
      </object_component>
      <object_component id="oc-139">
         <name>.debug_line</name>
         <load_address>0x2145</load_address>
         <run_address>0x2145</run_address>
         <size>0x44</size>
         <input_file_ref idref="fl-5b"/>
      </object_component>
      <object_component id="oc-13d">
         <name>.debug_line</name>
         <load_address>0x2189</load_address>
         <run_address>0x2189</run_address>
         <size>0x3f</size>
         <input_file_ref idref="fl-5c"/>
      </object_component>
      <object_component id="oc-141">
         <name>.debug_line</name>
         <load_address>0x21c8</load_address>
         <run_address>0x21c8</run_address>
         <size>0x3c</size>
         <input_file_ref idref="fl-5d"/>
      </object_component>
      <object_component id="oc-17">
         <name>.debug_abbrev</name>
         <load_address>0x0</load_address>
         <run_address>0x0</run_address>
         <size>0x76</size>
         <input_file_ref idref="fl-2"/>
      </object_component>
      <object_component id="oc-1e">
         <name>.debug_abbrev</name>
         <load_address>0x76</load_address>
         <run_address>0x76</run_address>
         <size>0x10c</size>
         <input_file_ref idref="fl-3"/>
      </object_component>
      <object_component id="oc-26">
         <name>.debug_abbrev</name>
         <load_address>0x182</load_address>
         <run_address>0x182</run_address>
         <size>0x121</size>
         <input_file_ref idref="fl-4"/>
      </object_component>
      <object_component id="oc-2c">
         <name>.debug_abbrev</name>
         <load_address>0x2a3</load_address>
         <run_address>0x2a3</run_address>
         <size>0x139</size>
         <input_file_ref idref="fl-5"/>
      </object_component>
      <object_component id="oc-31">
         <name>.debug_abbrev</name>
         <load_address>0x3dc</load_address>
         <run_address>0x3dc</run_address>
         <size>0xb2</size>
         <input_file_ref idref="fl-6"/>
      </object_component>
      <object_component id="oc-3a">
         <name>.debug_abbrev</name>
         <load_address>0x48e</load_address>
         <run_address>0x48e</run_address>
         <size>0x160</size>
         <input_file_ref idref="fl-7"/>
      </object_component>
      <object_component id="oc-41">
         <name>.debug_abbrev</name>
         <load_address>0x5ee</load_address>
         <run_address>0x5ee</run_address>
         <size>0xf5</size>
         <input_file_ref idref="fl-8"/>
      </object_component>
      <object_component id="oc-47">
         <name>.debug_abbrev</name>
         <load_address>0x6e3</load_address>
         <run_address>0x6e3</run_address>
         <size>0xe5</size>
         <input_file_ref idref="fl-9"/>
      </object_component>
      <object_component id="oc-4c">
         <name>.debug_abbrev</name>
         <load_address>0x7c8</load_address>
         <run_address>0x7c8</run_address>
         <size>0x198</size>
         <input_file_ref idref="fl-13"/>
      </object_component>
      <object_component id="oc-50">
         <name>.debug_abbrev</name>
         <load_address>0x960</load_address>
         <run_address>0x960</run_address>
         <size>0xd4</size>
         <input_file_ref idref="fl-27"/>
      </object_component>
      <object_component id="oc-54">
         <name>.debug_abbrev</name>
         <load_address>0xa34</load_address>
         <run_address>0xa34</run_address>
         <size>0x3a</size>
         <input_file_ref idref="fl-28"/>
      </object_component>
      <object_component id="oc-5b">
         <name>.debug_abbrev</name>
         <load_address>0xa6e</load_address>
         <run_address>0xa6e</run_address>
         <size>0xcc</size>
         <input_file_ref idref="fl-29"/>
      </object_component>
      <object_component id="oc-5f">
         <name>.debug_abbrev</name>
         <load_address>0xb3a</load_address>
         <run_address>0xb3a</run_address>
         <size>0x112</size>
         <input_file_ref idref="fl-2a"/>
      </object_component>
      <object_component id="oc-66">
         <name>.debug_abbrev</name>
         <load_address>0xc4c</load_address>
         <run_address>0xc4c</run_address>
         <size>0xf7</size>
         <input_file_ref idref="fl-2b"/>
      </object_component>
      <object_component id="oc-6a">
         <name>.debug_abbrev</name>
         <load_address>0xd43</load_address>
         <run_address>0xd43</run_address>
         <size>0x118</size>
         <input_file_ref idref="fl-2c"/>
      </object_component>
      <object_component id="oc-6e">
         <name>.debug_abbrev</name>
         <load_address>0xe5b</load_address>
         <run_address>0xe5b</run_address>
         <size>0x136</size>
         <input_file_ref idref="fl-2d"/>
      </object_component>
      <object_component id="oc-72">
[...]
      </symbol>
      <symbol id="sm-121">
         <name>_sign_width</name>
         <value>0x673a</value>
         <object_component_ref idref="oc-3d"/>
      </symbol>
      <symbol id="sm-122">
         <name>_printChar</name>
         <value>0x25140</value>
         <object_component_ref idref="oc-3b"/>
      </symbol>
      <symbol id="sm-136">
         <name>_shelvingPeek</name>
         <value>0x2341f</value>
         <object_component_ref idref="oc-42"/>
      </symbol>
      <symbol id="sm-137">
         <name>_calculateAlpha</name>
         <value>0x23472</value>
         <object_component_ref idref="oc-42"/>
      </symbol>
      <symbol id="sm-138">
         <name>_calculatePeekCoeff</name>
         <value>0x232b8</value>
         <object_component_ref idref="oc-42"/>
      </symbol>
      <symbol id="sm-139">
         <name>_calculateBeta</name>
         <value>0x23465</value>
         <object_component_ref idref="oc-42"/>
      </symbol>
      <symbol id="sm-13a">
         <name>_shelvingLP</name>
         <value>0x233d9</value>
         <object_component_ref idref="oc-42"/>
      </symbol>
      <symbol id="sm-13b">
         <name>_shelvingHP</name>
         <value>0x23375</value>
         <object_component_ref idref="oc-42"/>
      </symbol>
      <symbol id="sm-13c">
         <name>_calculateShelvingCoeff</name>
         <value>0x23272</value>
         <object_component_ref idref="oc-42"/>
      </symbol>
      <symbol id="sm-14a">
         <name>_EZDSP5535_waitusec</name>
         <value>0x24f7d</value>
         <object_component_ref idref="oc-48"/>
      </symbol>
      <symbol id="sm-14b">
         <name>_EZDSP5535_init</name>
         <value>0x24f8f</value>
         <object_component_ref idref="oc-48"/>
      </symbol>
      <symbol id="sm-14c">
         <name>_EZDSP5535_wait</name>
         <value>0x24f49</value>
         <object_component_ref idref="oc-48"/>
      </symbol>
      <symbol id="sm-156">
         <name>__addd</name>
         <value>0x23018</value>
         <object_component_ref idref="oc-4d"/>
      </symbol>
      <symbol id="sm-162">
         <name>__sysstack</name>
         <value>0x20c0</value>
         <object_component_ref idref="oc-143"/>
      </symbol>
      <symbol id="sm-163">
         <name>_c_int00</name>
         <value>0x25217</value>
         <object_component_ref idref="oc-11"/>
      </symbol>
      <symbol id="sm-164">
         <name>__stack</name>
         <value>0xc0</value>
         <object_component_ref idref="oc-51"/>
      </symbol>
      <symbol id="sm-175">
         <name>_cos</name>
         <value>0x234a0</value>
         <object_component_ref idref="oc-55"/>
      </symbol>
      <symbol id="sm-181">
         <name>__divd</name>
         <value>0x224c4</value>
         <object_component_ref idref="oc-5c"/>
      </symbol>
      <symbol id="sm-191">
         <name>C$$EXIT</name>
         <value>0x25346</value>
         <object_component_ref idref="oc-64"/>
      </symbol>
      <symbol id="sm-192">
         <name>_exit</name>
         <value>0x251d9</value>
         <object_component_ref idref="oc-60"/>
      </symbol>
      <symbol id="sm-193">
         <name>_abort</name>
         <value>0x25345</value>
         <object_component_ref idref="oc-64"/>
      </symbol>
      <symbol id="sm-194">
         <name>__cleanup_ptr</name>
         <value>0x6530</value>
         <object_component_ref idref="oc-61"/>
      </symbol>
      <symbol id="sm-195">
         <name>__dtors_ptr</name>
         <value>0x6534</value>
         <object_component_ref idref="oc-61"/>
      </symbol>
      <symbol id="sm-19f">
         <name>_fclose</name>
         <value>0x24b0a</value>
         <object_component_ref idref="oc-67"/>
      </symbol>
      <symbol id="sm-1a9">
         <name>__doflush</name>
         <value>0x2465d</value>
         <object_component_ref idref="oc-6b"/>
      </symbol>
      <symbol id="sm-1aa">
         <name>_fflush</name>
         <value>0x246c6</value>
         <object_component_ref idref="oc-6b"/>
      </symbol>
      <symbol id="sm-1b4">
         <name>__fixdi</name>
         <value>0x2524b</value>
         <object_component_ref idref="oc-6f"/>
      </symbol>
      <symbol id="sm-1be">
         <name>__fixdli</name>
         <value>0x24ce0</value>
         <object_component_ref idref="oc-73"/>
      </symbol>
      <symbol id="sm-1c8">
         <name>__fltid</name>
         <value>0x25325</value>
         <object_component_ref idref="oc-77"/>
      </symbol>
      <symbol id="sm-1d4">
         <name>__fltlid</name>
         <value>0x24e27</value>
         <object_component_ref idref="oc-7b"/>
      </symbol>
      <symbol id="sm-1e3">
         <name>__cleanup</name>
         <value>0x22c5c</value>
         <object_component_ref idref="oc-80"/>
      </symbol>
      <symbol id="sm-1e4">
         <name>_fopen</name>
         <value>0x22d7f</value>
         <object_component_ref idref="oc-80"/>
      </symbol>
      <symbol id="sm-1e5">
         <name>_freopen</name>
         <value>0x22cb6</value>
         <object_component_ref idref="oc-80"/>
      </symbol>
      <symbol id="sm-1ef">
         <name>__frcmpyd_div</name>
         <value>0x24bfb</value>
         <object_component_ref idref="oc-86"/>
      </symbol>
      <symbol id="sm-1f9">
         <name>_fread</name>
         <value>0x241a3</value>
         <object_component_ref idref="oc-8a"/>
      </symbol>
      <symbol id="sm-205">
         <name>_fwrite</name>
         <value>0x238aa</value>
         <object_component_ref idref="oc-8e"/>
      </symbol>
      <symbol id="sm-20d">
         <name>__mpyli</name>
         <value>0x252f0</value>
         <object_component_ref idref="oc-92"/>
      </symbol>
      <symbol id="sm-20e">
         <name>I$$LMPY</name>
         <value>0x252f0</value>
         <object_component_ref idref="oc-92"/>
      </symbol>
      <symbol id="sm-220">
         <name>_add_device</name>
         <value>0x219f7</value>
         <object_component_ref idref="oc-96"/>
      </symbol>
      <symbol id="sm-221">
         <name>_rename</name>
         <value>0x21719</value>
         <object_component_ref idref="oc-96"/>
      </symbol>
      <symbol id="sm-222">
         <name>_read</name>
         <value>0x217a8</value>
         <object_component_ref idref="oc-96"/>
      </symbol>
      <symbol id="sm-223">
         <name>_unlink</name>
         <value>0x216e6</value>
         <object_component_ref idref="oc-96"/>
      </symbol>
      <symbol id="sm-224">
         <name>_remove_device</name>
         <value>0x21772</value>
         <object_component_ref idref="oc-96"/>
      </symbol>
      <symbol id="sm-225">
         <name>_open</name>
         <value>0x21856</value>
         <object_component_ref idref="oc-96"/>
      </symbol>
      <symbol id="sm-226">
         <name>_find_registered_device</name>
         <value>0x2197b</value>
         <object_component_ref idref="oc-96"/>
      </symbol>
      <symbol id="sm-227">
         <name>_lseek</name>
         <value>0x21915</value>
         <object_component_ref idref="oc-96"/>
      </symbol>
      <symbol id="sm-228">
         <name>_close</name>
         <value>0x21984</value>
         <object_component_ref idref="oc-96"/>
      </symbol>
      <symbol id="sm-229">
         <name>_write</name>
         <value>0x215a4</value>
         <object_component_ref idref="oc-96"/>
      </symbol>
      <symbol id="sm-231">
         <name>_memcpy</name>
         <value>0x2519a</value>
         <object_component_ref idref="oc-9c"/>
      </symbol>
      <symbol id="sm-241">
         <name>__sys_memory</name>
         <value>0x30c0</value>
         <object_component_ref idref="oc-a4"/>
      </symbol>
      <symbol id="sm-242">
         <name>_chkheap</name>
         <value>0x22496</value>
         <object_component_ref idref="oc-a0"/>
      </symbol>
      <symbol id="sm-243">
         <name>_realloc</name>
         <value>0x22235</value>
         <object_component_ref idref="oc-a0"/>
      </symbol>
      <symbol id="sm-244">
         <name>_free_memory</name>
         <value>0x22440</value>
         <object_component_ref idref="oc-a0"/>
      </symbol>
      <symbol id="sm-245">
         <name>_max_free</name>
         <value>0x223e6</value>
         <object_component_ref idref="oc-a0"/>
      </symbol>
      <symbol id="sm-246">
         <name>_free</name>
         <value>0x2200f</value>
         <object_component_ref idref="oc-a0"/>
      </symbol>
      <symbol id="sm-247">
         <name>_calloc</name>
         <value>0x2249e</value>
         <object_component_ref idref="oc-a0"/>
      </symbol>
      <symbol id="sm-248">
         <name>_malloc</name>
         <value>0x22140</value>
         <object_component_ref idref="oc-a0"/>
      </symbol>
      <symbol id="sm-249">
         <name>_minit</name>
         <value>0x220db</value>
         <object_component_ref idref="oc-a0"/>
      </symbol>
      <symbol id="sm-255">
         <name>_modf</name>
         <value>0x2471f</value>
         <object_component_ref idref="oc-a7"/>
      </symbol>
      <symbol id="sm-25f">
         <name>__mpyd</name>
         <value>0x23f37</value>
         <object_component_ref idref="oc-ac"/>
      </symbol>
      <symbol id="sm-269">
         <name>__negd</name>
         <value>0x25315</value>
         <object_component_ref idref="oc-b0"/>
      </symbol>
      <symbol id="sm-273">
         <name>_printf</name>
         <value>0x24f9d</value>
         <object_component_ref idref="oc-b4"/>
      </symbol>
      <symbol id="sm-27d">
         <name>_remove</name>
         <value>0x2533b</value>
         <object_component_ref idref="oc-b8"/>
      </symbol>
      <symbol id="sm-289">
         <name>__nround</name>
         <value>0x24e8e</value>
         <object_component_ref idref="oc-bc"/>
      </symbol>
      <symbol id="sm-29a">
         <name>_sin</name>
         <value>0x236b8</value>
         <object_component_ref idref="oc-c1"/>
      </symbol>
      <symbol id="sm-2a4">
         <name>__subd</name>
         <value>0x252dc</value>
         <object_component_ref idref="oc-c8"/>
      </symbol>
      <symbol id="sm-2b0">
         <name>_HOSTopen</name>
         <value>0x21df2</value>
         <object_component_ref idref="oc-cc"/>
      </symbol>
      <symbol id="sm-2b1">
         <name>_HOSTread</name>
         <value>0x21d65</value>
         <object_component_ref idref="oc-cc"/>
      </symbol>
      <symbol id="sm-2b2">
         <name>_HOSTtime</name>
         <value>0x21c59</value>
         <object_component_ref idref="oc-cc"/>
      </symbol>
      <symbol id="sm-2b3">
         <name>_getenv</name>
         <value>0x21ae7</value>
         <object_component_ref idref="oc-cc"/>
      </symbol>
      <symbol id="sm-2b4">
         <name>_HOSTrename</name>
         <value>0x21cb7</value>
         <object_component_ref idref="oc-cc"/>
      </symbol>
      <symbol id="sm-2b5">
         <name>_HOSTclock</name>
         <value>0x21fb1</value>
         <object_component_ref idref="oc-cc"/>
      </symbol>
      <symbol id="sm-2b6">
         <name>_HOSTwrite</name>
         <value>0x21b62</value>
         <object_component_ref idref="oc-cc"/>
      </symbol>
      <symbol id="sm-2b7">
         <name>_HOSTlseek</name>
         <value>0x21e91</value>
         <object_component_ref idref="oc-cc"/>
      </symbol>
      <symbol id="sm-2b8">
         <name>_HOSTunlink</name>
         <value>0x21bef</value>
         <object_component_ref idref="oc-cc"/>
      </symbol>
      <symbol id="sm-2b9">
         <name>_HOSTclose</name>
         <value>0x21f46</value>
         <object_component_ref idref="oc-cc"/>
      </symbol>
      <symbol id="sm-2cb">
         <name>C$$IO$$</name>
         <value>0x24893</value>
         <object_component_ref idref="oc-d4"/>
      </symbol>
      <symbol id="sm-2cc">
         <name>__CIOBUF_</name>
         <value>0x40000</value>
         <object_component_ref idref="oc-d3"/>
      </symbol>
      <symbol id="sm-2cd">
         <name>_readmsg</name>
         <value>0x24d4f</value>
         <object_component_ref idref="oc-d1"/>
      </symbol>
      <symbol id="sm-2ce">
         <name>_writemsg</name>
         <value>0x247de</value>
         <object_component_ref idref="oc-d4"/>
      </symbol>
      <symbol id="sm-2da">
         <name>__trunc</name>
         <value>0x25159</value>
         <object_component_ref idref="oc-d7"/>
      </symbol>
      <symbol id="sm-2e2">
         <name>__remu</name>
         <value>0x2528a</value>
         <object_component_ref idref="oc-dc"/>
      </symbol>
      <symbol id="sm-2e3">
         <name>__divu</name>
         <value>0x25275</value>
         <object_component_ref idref="oc-dc"/>
      </symbol>
      <symbol id="sm-2e4">
         <name>I$$UMOD</name>
         <value>0x2528a</value>
         <object_component_ref idref="oc-dc"/>
      </symbol>
      <symbol id="sm-2e5">
         <name>I$$UDIV</name>
         <value>0x25275</value>
         <object_component_ref idref="oc-dc"/>
      </symbol>
      <symbol id="sm-2ef">
         <name>_Reset</name>
         <value>0x4fe00</value>
         <object_component_ref idref="oc-12"/>
      </symbol>
      <symbol id="sm-2f9">
         <name>__buff_read</name>
         <value>0x24898</value>
         <object_component_ref idref="oc-e4"/>
      </symbol>
      <symbol id="sm-303">
         <name>__rd_ok</name>
         <value>0x24600</value>
         <object_component_ref idref="oc-e8"/>
      </symbol>
      <symbol id="sm-304">
         <name>__wrt_ok</name>
         <value>0x24580</value>
         <object_component_ref idref="oc-e8"/>
      </symbol>
      <symbol id="sm-312">
         <name>__unlock</name>
         <value>0x652c</value>
         <object_component_ref idref="oc-ed"/>
      </symbol>
      <symbol id="sm-313">
         <name>__lock</name>
         <value>0x6528</value>
         <object_component_ref idref="oc-ed"/>
      </symbol>
      <symbol id="sm-314">
         <name>__register_lock</name>
         <value>0x2530b</value>
         <object_component_ref idref="oc-ec"/>
      </symbol>
      <symbol id="sm-315">
         <name>__nop</name>
         <value>0x25313</value>
         <object_component_ref idref="oc-ec"/>
      </symbol>
      <symbol id="sm-316">
         <name>__register_unlock</name>
         <value>0x25303</value>
         <object_component_ref idref="oc-ec"/>
      </symbol>
      <symbol id="sm-328">
         <name>__printfi</name>
         <value>0x21362</value>
         <object_component_ref idref="oc-f2"/>
      </symbol>
      <symbol id="sm-332">
         <name>__args_main</name>
         <value>0x2503a</value>
         <object_component_ref idref="oc-f8"/>
      </symbol>
      <symbol id="sm-333">
         <name>__TI_args_main</name>
         <value>0x1</value>
      </symbol>
      <symbol id="sm-33d">
         <name>_atoi</name>
         <value>0x24eed</value>
         <object_component_ref idref="oc-fc"/>
      </symbol>
      <symbol id="sm-345">
         <name>_auto_init</name>
         <value>0x24fed</value>
         <object_component_ref idref="oc-100"/>
      </symbol>
      <symbol id="sm-34f">
         <name>__eqld</name>
         <value>0x23bf6</value>
         <object_component_ref idref="oc-104"/>
      </symbol>
      <symbol id="sm-350">
         <name>__cmpd</name>
         <value>0x23c2a</value>
         <object_component_ref idref="oc-104"/>
      </symbol>
      <symbol id="sm-351">
         <name>__neqd</name>
         <value>0x23a98</value>
         <object_component_ref idref="oc-104"/>
      </symbol>
      <symbol id="sm-352">
         <name>__gtrd</name>
         <value>0x23b61</value>
         <object_component_ref idref="oc-104"/>
      </symbol>
      <symbol id="sm-353">
         <name>__geqd</name>
         <value>0x23bac</value>
         <object_component_ref idref="oc-104"/>
      </symbol>
      <symbol id="sm-354">
         <name>__leqd</name>
         <value>0x23b14</value>
         <object_component_ref idref="oc-104"/>
      </symbol>
      <symbol id="sm-355">
         <name>__lssd</name>
         <value>0x23acc</value>
         <object_component_ref idref="oc-104"/>
      </symbol>
      <symbol id="sm-35d">
         <name>__ctypes_</name>
         <value>0x6538</value>
         <object_component_ref idref="oc-145"/>
      </symbol>
      <symbol id="sm-367">
         <name>__tmpnams</name>
         <value>0x6120</value>
         <object_component_ref idref="oc-10a"/>
      </symbol>
      <symbol id="sm-368">
         <name>__ft_end</name>
         <value>0x6260</value>
         <object_component_ref idref="oc-10a"/>
      </symbol>
      <symbol id="sm-369">
         <name>__ftable</name>
         <value>0x6030</value>
         <object_component_ref idref="oc-10a"/>
      </symbol>
      <symbol id="sm-374">
         <name>__divul</name>
         <value>0x249ec</value>
         <object_component_ref idref="oc-10e"/>
      </symbol>
      <symbol id="sm-37e">
         <name>_putchar</name>
         <value>0x249dd</value>
         <object_component_ref idref="oc-112"/>
      </symbol>
      <symbol id="sm-37f">
         <name>_putc</name>
         <value>0x24946</value>
         <object_component_ref idref="oc-112"/>
      </symbol>
      <symbol id="sm-380">
         <name>_fputc</name>
         <value>0x24946</value>
         <object_component_ref idref="oc-112"/>
      </symbol>
      <symbol id="sm-38e">
         <name>_puts</name>
         <value>0x23db7</value>
         <object_component_ref idref="oc-116"/>
      </symbol>
      <symbol id="sm-38f">
         <name>_fputs</name>
         <value>0x23c82</value>
         <object_component_ref idref="oc-116"/>
      </symbol>
      <symbol id="sm-399">
         <name>__frcmpyd</name>
         <value>0x24b85</value>
         <object_component_ref idref="oc-11b"/>
      </symbol>
      <symbol id="sm-3a3">
         <name>_fseek</name>
         <value>0x24dbc</value>
         <object_component_ref idref="oc-11f"/>
      </symbol>
      <symbol id="sm-3ad">
         <name>___isinf</name>
         <value>0x252c2</value>
         <object_component_ref idref="oc-123"/>
      </symbol>
      <symbol id="sm-3b7">
         <name>__divull</name>
         <value>0x22eef</value>
         <object_component_ref idref="oc-127"/>
      </symbol>
      <symbol id="sm-3b8">
         <name>__mpylli</name>
         <value>0x22e37</value>
         <object_component_ref idref="oc-127"/>
      </symbol>
      <symbol id="sm-3b9">
         <name>__remlli</name>
         <value>0x22e08</value>
         <object_component_ref idref="oc-127"/>
      </symbol>
      <symbol id="sm-3ba">
         <name>__divlli</name>
         <value>0x22fe3</value>
         <object_component_ref idref="oc-127"/>
      </symbol>
      <symbol id="sm-3bb">
         <name>__remull</name>
         <value>0x22dba</value>
         <object_component_ref idref="oc-127"/>
      </symbol>
      <symbol id="sm-3c5">
         <name>_ltoa</name>
         <value>0x24a8d</value>
         <object_component_ref idref="oc-12b"/>
      </symbol>
      <symbol id="sm-3d0">
         <name>_memccpy</name>
         <value>0x2529f</value>
         <object_component_ref idref="oc-12f"/>
      </symbol>
      <symbol id="sm-3da">
         <name>__remli</name>
         <value>0x25085</value>
         <object_component_ref idref="oc-133"/>
      </symbol>
      <symbol id="sm-3e5">
         <name>__remul</name>
         <value>0x24c6e</value>
         <object_component_ref idref="oc-137"/>
      </symbol>
      <symbol id="sm-3ef">
         <name>_setvbuf</name>
         <value>0x2449a</value>
         <object_component_ref idref="oc-13b"/>
      </symbol>
      <symbol id="sm-3f9">
         <name>__divli</name>
         <value>0x250d0</value>
         <object_component_ref idref="oc-13f"/>
      </symbol>
   </symbol_table>
</link_info>
